      -----------------------------------------------------------      
     |                   =====================                   |     
     |                           x T B                           |     
     |                   =====================                   |     
     |                         S. Grimme                         |     
     |          Mulliken Center for Theoretical Chemistry        |     
     |                    University of Bonn                     |     
      -----------------------------------------------------------      

   * xtb version 6.4.1 (afa7bdf) compiled by 'ehlert@majestix' on 2021-06-10

   xtb is free software: you can redistribute it and/or modify it under
   the terms of the GNU Lesser General Public License as published by
   the Free Software Foundation, either version 3 of the License, or
   (at your option) any later version.
   
   xtb is distributed in the hope that it will be useful,
   but WITHOUT ANY WARRANTY; without even the implied warranty of
   MERCHANTABILITY or FITNESS FOR A PARTICULAR PURPOSE.  See the
   GNU Lesser General Public License for more details.
   
   Cite this work as:
   * C. Bannwarth, E. Caldeweyher, S. Ehlert, A. Hansen, P. Pracht,
     J. Seibert, S. Spicher, S. Grimme, WIREs Comput. Mol. Sci., 2020, 11,
     e01493. DOI: 10.1002/wcms.1493
   
   for GFN2-xTB:
   * C. Bannwarth, S. Ehlert and S. Grimme., J. Chem. Theory Comput., 2019,
     15, 1652-1671. DOI: 10.1021/acs.jctc.8b01176
   for GFN1-xTB:
   * S. Grimme, C. Bannwarth, P. Shushkov, J. Chem. Theory Comput., 2017,
     13, 1989-2009. DOI: 10.1021/acs.jctc.7b00118
   for GFN0-xTB:
   * P. Pracht, E. Caldeweyher, S. Ehlert, S. Grimme, ChemRxiv, 2019, preprint.
     DOI: 10.26434/chemrxiv.8326202.v1
   for GFN-FF:
   * S. Spicher and S. Grimme, Angew. Chem. Int. Ed., 2020, 59, 15665-15673.
     DOI: 10.1002/anie.202004239
   
   for DFT-D4:
   * E. Caldeweyher, C. Bannwarth and S. Grimme, J. Chem. Phys., 2017,
     147, 034112. DOI: 10.1063/1.4993215
   * E. Caldeweyher, S. Ehlert, A. Hansen, H. Neugebauer, S. Spicher,
     C. Bannwarth and S. Grimme, J. Chem. Phys., 2019, 150, 154122.
     DOI: 10.1063/1.5090222
   * E. Caldeweyher, J.-M. Mewes, S. Ehlert and S. Grimme, Phys. Chem. Chem. Phys.
     2020, 22, 8499-8512. DOI: 10.1039/D0CP00502A
   
   for sTDA-xTB:
   * S. Grimme and C. Bannwarth, J. Chem. Phys., 2016, 145, 054103.
     DOI: 10.1063/1.4959605
   
   in the mass-spec context:
   * V. Asgeirsson, C. Bauer and S. Grimme, Chem. Sci., 2017, 8, 4879.
     DOI: 10.1039/c7sc00601b
   * J. Koopman and S. Grimme, ACS Omega 2019, 4, 12, 15120-15133.
     DOI: 10.1021/acsomega.9b02011
   
   for metadynamics refer to:
   * S. Grimme, J. Chem. Theory Comput., 2019, 155, 2847-2862
     DOI: 10.1021/acs.jctc.9b00143
   
   for SPH calculations refer to:
   * S. Spicher and S. Grimme, J. Chem. Theory Comput., 2021, 17, 1701-1714
     DOI: 10.1021/acs.jctc.0c01306
   
   with help from (in alphabetical order)
   P. Atkinson, C. Bannwarth, F. Bohle, G. Brandenburg, E. Caldeweyher
   M. Checinski, S. Dohm, S. Ehlert, S. Ehrlich, I. Gerasimov, J. Koopman
   C. Lavigne, S. Lehtola, F. März, M. Müller, F. Musil, H. Neugebauer
   J. Pisarek, C. Plett, P. Pracht, J. Seibert, P. Shushkov, S. Spicher
   M. Stahn, M. Steiner, T. Strunk, J. Stückrath, T. Rose, and J. Unsleber
   
 * started run on 2021/10/06 at 11:58:36.795     

           -------------------------------------------------
          |                Calculation Setup                |
           -------------------------------------------------

          program call               : xtb xtb.xyz --etemp 1000
          coordinate file            : xtb.xyz
          omp threads                :                     6
          number of atoms            :                    81
          number of electrons        :                   224
          charge                     :                     0
          spin                       :                   0.0
          first test random number   :      0.35435960540574

   ID    Z sym.   atoms
    1    6 C      1-6, 8, 10, 13-17, 19-25, 28, 32, 51, 55-61, 64, 70
    2    8 O      7, 9, 26, 27, 54, 62, 63
    3    7 N      11, 12, 18
    4    1 H      29-31, 33-50, 52, 53, 65-69, 71-81

molecular fragmentation (1/2 indicates fragments):
122222222222222222222222222222222222222222222222222222222222222222222222
222222222
# atoms in fragment 1/2:     1    80
 fragment masses (1/2) :       12.01      565.66
CMA distance (Bohr)    :  34.424
constraining FC (au)   :  0.0500

           -------------------------------------------------
          |                 G F N 2 - x T B                 |
           -------------------------------------------------

        Reference                      10.1021/acs.jctc.8b01176
      * Hamiltonian:
        H0-scaling (s, p, d)           1.850000    2.230000    2.230000
        zeta-weighting                 0.500000
      * Dispersion:
        s8                             2.700000
        a1                             0.520000
        a2                             5.000000
        s9                             5.000000
      * Repulsion:
        kExp                           1.500000    1.000000
        rExp                           1.000000
      * Coulomb:
        alpha                          2.000000
        third order                    shell-resolved
        anisotropic                    true
        a3                             3.000000
        a5                             4.000000
        cn-shift                       1.200000
        cn-exp                         4.000000
        max-rad                        5.000000

q/qsh data taken from xtbrestart
CAMM data taken from xtbrestart

          ...................................................
          :                      SETUP                      :
          :.................................................:
          :  # basis functions                 207          :
          :  # atomic orbitals                 207          :
          :  # shells                          123          :
          :  # electrons                       224          :
          :  max. iterations                   250          :
          :  Hamiltonian                  GFN2-xTB          :
          :  restarted?                       true          :
          :  GBSA solvation                  false          :
          :  PC potential                    false          :
          :  electronic temp.         1000.0000000     K    :
          :  accuracy                    1.0000000          :
          :  -> integral cutoff          0.2500000E+02      :
          :  -> integral neglect         0.1000000E-07      :
          :  -> SCF convergence          0.1000000E-05 Eh   :
          :  -> wf. convergence          0.1000000E-03 e    :
          :  Broyden damping             0.4000000          :
          ...................................................

 iter      E             dE          RMSdq      gap      omega  full diag
   1   -108.9522255 -0.108952E+03  0.584E-04    0.00       0.0  T
   2   -108.9514124  0.813077E-03  0.549E-02    0.00       1.0  T
   3   -108.9521553 -0.742845E-03  0.154E-02    0.00       1.0  T
   4   -108.9521862 -0.309565E-04  0.100E-02    0.00       1.1  T
   5   -108.9520789  0.107314E-03  0.199E-02    0.00       1.0  T
   6   -108.9521077 -0.288051E-04  0.198E-02    0.00       1.0  T
   7   -108.9519460  0.161687E-03  0.296E-02    0.00       1.0  T
   8   -108.9520356 -0.896104E-04  0.245E-02    0.00       1.0  T
   9   -108.9521639 -0.128275E-03  0.140E-02    0.00       1.0  T
  10   -108.9521476  0.162526E-04  0.163E-02    0.00       1.0  T
  11   -108.9521860 -0.383301E-04  0.116E-02    0.00       1.0  T
  12   -108.9521579  0.281218E-04  0.149E-02    0.00       1.0  T
  13   -108.9521175  0.403236E-04  0.195E-02    0.00       1.0  T
  14   -108.9521346 -0.170389E-04  0.182E-02    0.00       1.0  T
  15   -108.9520992  0.353464E-04  0.211E-02    0.00       1.0  T
  16   -108.9521507 -0.514451E-04  0.165E-02    0.00       1.0  T
  17   -108.9522021 -0.513851E-04  0.935E-03    0.00       1.2  T
  18   -108.9522039 -0.180465E-05  0.880E-03    0.00       1.3  T
  19   -108.9521670  0.368569E-04  0.150E-02    0.00       1.0  T
  20   -108.9521956 -0.286006E-04  0.105E-02    0.00       1.1  T
  21   -108.9521435  0.521443E-04  0.169E-02    0.00       1.0  T
  22   -108.9521807 -0.372258E-04  0.125E-02    0.00       1.0  T
  23   -108.9521881 -0.738806E-05  0.121E-02    0.00       1.0  T
  24   -108.9521979 -0.987161E-05  0.102E-02    0.00       1.1  T
  25   -108.9522080 -0.101039E-04  0.764E-03    0.00       1.5  T
  26   -108.9522149 -0.682775E-05  0.649E-03    0.00       1.7  T
  27   -108.9521972  0.176933E-04  0.103E-02    0.00       1.1  T
  28   -108.9522108 -0.136313E-04  0.713E-03    0.00       1.6  T
  29   -108.9521810  0.298600E-04  0.125E-02    0.00       1.0  T
  30   -108.9522093 -0.283160E-04  0.756E-03    0.00       1.5  T
  31   -108.9522099 -0.664589E-06  0.776E-03    0.00       1.4  T
  32   -108.9522180 -0.806716E-05  0.515E-03    0.00       2.2  T
  33   -108.9522213 -0.326864E-05  0.394E-03    0.00       2.8  T
  34   -108.9522203  0.997806E-06  0.427E-03    0.00       2.6  T
  35   -108.9522201  0.121592E-06  0.455E-03    0.00       2.4  T
  36   -108.9522199  0.250773E-06  0.460E-03    0.00       2.4  T
  37   -108.9522208 -0.909970E-06  0.417E-03    0.00       2.7  T
  38   -108.9522220 -0.115141E-05  0.376E-03    0.00       3.0  T
  39   -108.9522244 -0.246303E-05  0.202E-03    0.00       5.5  T
  40   -108.9522223  0.211694E-05  0.344E-03    0.00       3.2  T
  41   -108.9522249 -0.264255E-05  0.153E-03    0.00       7.3  T
  42   -108.9522242  0.771102E-06  0.236E-03    0.00       4.7  T
  43   -108.9522248 -0.663528E-06  0.162E-03    0.00       6.9  T
  44   -108.9522252 -0.387414E-06  0.114E-03    0.00       9.8  T
  45   -108.9522255 -0.232600E-06  0.638E-04    0.00      17.4  T
  46   -108.9522255 -0.126920E-07  0.595E-04    0.00      18.7  T

   *** convergence criteria satisfied after 46 iterations ***

         #    Occupation            Energy/Eh            Energy/eV
      -------------------------------------------------------------
         1        2.0000           -0.6928132             -18.8524
       ...           ...                  ...                  ...
       106        0.8908           -0.4318633             -11.7516
       107        0.8870           -0.4318387             -11.7509
       108        0.8853           -0.4318279             -11.7506
       109        0.8832           -0.4318145             -11.7503
       110        0.8736           -0.4317529             -11.7486
       111        0.8658           -0.4317025             -11.7472
       112        0.8627           -0.4316829             -11.7467 (HOMO)
       113        0.8448           -0.4315665             -11.7435 (LUMO)
       114        0.8412           -0.4315436             -11.7429
       115        0.8386           -0.4315266             -11.7424
       116        0.8222           -0.4314198             -11.7395
       117        0.7881           -0.4311951             -11.7334
       ...           ...                  ...                  ...
       207                          1.8639376              50.7203
      -------------------------------------------------------------
                  HL-Gap            0.0001164 Eh            0.0032 eV
             Fermi-level           -0.4325578 Eh          -11.7705 eV

 SCC (total)                   0 d,  0 h,  0 min,  0.168 sec
 SCC setup                      ...        0 min,  0.000 sec (  0.175%)
 Dispersion                     ...        0 min,  0.001 sec (  0.596%)
 classical contributions        ...        0 min,  0.000 sec (  0.029%)
 integral evaluation            ...        0 min,  0.004 sec (  2.101%)
 iterations                     ...        0 min,  0.157 sec ( 93.258%)
 molecular gradient             ...        0 min,  0.006 sec (  3.599%)
 printout                       ...        0 min,  0.000 sec (  0.224%)

         :::::::::::::::::::::::::::::::::::::::::::::::::::::
         ::                     SUMMARY                     ::
         :::::::::::::::::::::::::::::::::::::::::::::::::::::
         :: total energy            -108.704629158306 Eh    ::
         :: gradient norm              0.470762586479 Eh/a0 ::
         :: HOMO-LUMO gap              0.003167688806 eV    ::
         ::.................................................::
         :: SCC energy              -108.952225472099 Eh    ::
         :: -> isotropic ES           -0.691554028495 Eh    ::
         :: -> anisotropic ES          0.003553463424 Eh    ::
         :: -> anisotropic XC          0.015518928718 Eh    ::
         :: -> dispersion             -0.008128727694 Eh    ::
         :: repulsion energy           0.247534400402 Eh    ::
         :: add. restraining           0.000000000000 Eh    ::
         :: total charge              -0.000000000000 e     ::
         :::::::::::::::::::::::::::::::::::::::::::::::::::::

           -------------------------------------------------
          |                Property Printout                |
           -------------------------------------------------

    * Orbital Energies and Occupations

         #    Occupation            Energy/Eh            Energy/eV
      -------------------------------------------------------------
         1        2.0000           -0.6928132             -18.8524
       ...           ...                  ...                  ...
       100        0.9054           -0.4319566             -11.7541
       101        0.9042           -0.4319490             -11.7539
       102        0.9036           -0.4319451             -11.7538
       103        0.8989           -0.4319156             -11.7530
       104        0.8961           -0.4318976             -11.7525
       105        0.8933           -0.4318792             -11.7520
       106        0.8908           -0.4318633             -11.7516
       107        0.8870           -0.4318387             -11.7509
       108        0.8853           -0.4318279             -11.7506
       109        0.8832           -0.4318145             -11.7503
       110        0.8736           -0.4317529             -11.7486
       111        0.8658           -0.4317025             -11.7472
       112        0.8627           -0.4316829             -11.7467 (HOMO)
       113        0.8448           -0.4315665             -11.7435 (LUMO)
       114        0.8412           -0.4315436             -11.7429
       115        0.8386           -0.4315266             -11.7424
       116        0.8222           -0.4314198             -11.7395
       117        0.7881           -0.4311951             -11.7334
       118        0.7870           -0.4311879             -11.7332
       119        0.7584           -0.4309971             -11.7280
       120        0.7437           -0.4308974             -11.7253
       121        0.7193           -0.4307309             -11.7208
       122        0.6998           -0.4305962             -11.7171
       123        0.6959           -0.4305691             -11.7164
       ...           ...                  ...                  ...
       207                          1.8639376              50.7203
      -------------------------------------------------------------
                  HL-Gap            0.0001164 Eh            0.0032 eV
             Fermi-level           -0.4325578 Eh          -11.7705 eV

     #   Z          covCN         q      C6AA      α(0)
     1   6 C        0.000    -0.069    52.233    12.703
     2   6 C        0.000    -0.045    51.200    12.576
     3   6 C        0.000    -0.051    51.422    12.603
     4   6 C        0.000    -0.046    51.216    12.578
     5   6 C        0.000    -0.048    51.301    12.589
     6   6 C        0.000    -0.046    51.214    12.578
     7   8 O        0.000    -0.306    20.460     5.958
     8   6 C        0.000    -0.062    51.942    12.667
     9   8 O        0.000    -0.267    19.749     5.853
    10   6 C        0.000    -0.066    52.091    12.685
    11   7 N        0.000    -0.071    26.978     7.773
    12   7 N        0.000    -0.055    26.594     7.718
    13   6 C        0.000    -0.060    51.850    12.656
    14   6 C        0.000    -0.077    52.604    12.748
    15   6 C        0.000    -0.050    51.405    12.601
    16   6 C        0.000    -0.071    52.344    12.716
    17   6 C        0.000    -0.063    51.992    12.673
    18   7 N        0.000    -0.083    27.251     7.812
    19   6 C        0.000    -0.071    52.325    12.714
    20   6 C        0.981     0.002    35.853    10.057
    21   6 C        0.004    -0.034    50.700    12.514
    22   6 C        0.000    -0.062    51.930    12.666
    23   6 C        0.981    -0.002    35.957    10.072
    24   6 C        0.000    -0.082    52.812    12.773
    25   6 C        0.000    -0.045    51.159    12.571
    26   8 O        0.000    -0.259    19.615     5.833
    27   8 O        0.004    -0.288    20.146     5.912
    28   6 C        0.000    -0.087    53.040    12.800
    29   1 H        0.000     0.158     3.343     3.343
    30   1 H        0.000     0.095     4.572     3.910
    31   1 H        0.000     0.138     3.674     3.505
    32   6 C        0.000    -0.084    52.908    12.784
    33   1 H        0.000     0.113     4.162     3.731
    34   1 H        0.000     0.117     4.085     3.696
    35   1 H        0.000     0.086     4.790     4.002
    36   1 H        0.000     0.140     3.647     3.492
    37   1 H        0.000     0.087     4.758     3.989
    38   1 H        0.000     0.107     4.298     3.791
    39   1 H        0.000     0.106     4.325     3.802
    40   1 H        0.000     0.093     4.606     3.924
    41   1 H        0.000     0.109     4.245     3.767
    42   1 H        0.000     0.083     4.866     4.033
    43   1 H        0.000     0.078     4.973     4.077
    44   1 H        0.000     0.092     4.631     3.935
    45   1 H        0.000     0.104     4.362     3.819
    46   1 H        0.000     0.082     4.884     4.041
    47   1 H        0.000     0.083     4.844     4.025
    48   1 H        0.000     0.198     2.761     3.039
    49   1 H        0.000     0.065     5.329     4.221
    50   1 H        0.000     0.096     4.544     3.898
    51   6 C        0.103    -0.113    53.952    12.900
    52   1 H        0.000     0.116     4.094     3.700
    53   1 H        0.000     0.096     4.543     3.897
    54   8 O        0.000    -0.271    19.822     5.864
    55   6 C        0.000    -0.071    52.338    12.715
    56   6 C        0.000    -0.068    52.194    12.698
    57   6 C        0.000    -0.077    52.584    12.745
    58   6 C        0.000    -0.066    52.112    12.688
    59   6 C        0.000    -0.068    52.181    12.696
    60   6 C        0.000    -0.091    53.229    12.823
    61   6 C        0.000    -0.050    51.394    12.600
    62   8 O        0.000    -0.292    20.207     5.921
    63   8 O        0.000    -0.332    20.955     6.029
    64   6 C        0.000    -0.100    53.650    12.874
    65   1 H        0.000     0.143     3.597     3.468
    66   1 H        0.000     0.088     4.736     3.979
    67   1 H        0.000     0.116     4.098     3.701
    68   1 H        0.000     0.094     4.594     3.919
    69   1 H        0.000     0.159     3.325     3.334
    70   6 C        0.000    -0.091    53.232    12.823
    71   1 H        0.000     0.075     5.053     4.110
    72   1 H        0.000     0.088     4.740     3.981
    73   1 H        0.000     0.096     4.530     3.892
    74   1 H        0.000     0.079     4.960     4.072
    75   1 H        0.000     0.100     4.456     3.860
    76   1 H        0.103     0.116     4.074     3.689
    77   1 H        0.000     0.096     4.551     3.901
    78   1 H        0.000     0.076     5.031     4.101
    79   1 H        0.000     0.121     4.000     3.657
    80   1 H        0.000     0.247     2.211     2.719
    81   1 H        0.000     0.101     4.424     3.846

 Mol. C6AA /au·bohr⁶  :     126014.808923
 Mol. C8AA /au·bohr⁸  :    2953141.770895
 Mol. α(0) /au        :        613.427516


Wiberg/Mayer (AO) data.
largest (>0.10) Wiberg bond orders for each atom

 ---------------------------------------------------------------------------
     #   Z sym  total        # sym  WBO       # sym  WBO       # sym  WBO
 ---------------------------------------------------------------------------
     1   6 C    0.000 --     2   6 C    0.619 --     6 C    0.619
     3   6 C    0.000 --     4   6 C    0.910 --     5 C    0.910
     5   6 C    0.910 --     4 C    0.910
     6   6 C    0.619 --     2 C    0.619
     7   8 O    0.001 --     8   6 C    0.115 --    29 H    0.115
     9   8 O    0.000 --    10   6 C    0.018 --    11   7 N    0.006 --    12   7 N    0.029 --    13   6 C    0.006 --    14   6 C    1.208 --    21 C    0.606    48 H    0.461    27 O    0.140
    15   6 C    0.029 --    16   6 C    0.000 --    17   6 C    0.000 --    18   7 N    0.000 --    19   6 C    0.000 --    20   6 C    3.773 --    23 C    3.773
    21   6 C    2.504 --    27 O    1.407    14 C    0.606    48 H    0.491
    22   6 C    0.000 --    23   6 C    3.773 --    20 C    3.773
    24   6 C    0.292 --    28 C    0.230
    25   6 C    0.000 --    26   8 O    0.000 --    27   8 O    1.550 --    21 C    1.407    14 C    0.140
    28   6 C    1.444 --    52 H    0.880    53 H    0.334    24 C    0.230
    29   1 H    0.115 --     8 C    0.115
    30   1 H    0.000 --    31   1 H    0.000 --    32   6 C    0.072 --    33   1 H    0.000 --    34   1 H    0.000 --    35   1 H    0.000 --    36   1 H    0.018 --    37   1 H    0.000 --    38   1 H    0.000 --    39   1 H    0.588 --    64 C    0.588
    40   1 H    0.000 --    41   1 H    0.000 --    42   1 H    0.000 --    43   1 H    0.000 --    44   1 H    0.000 --    45   1 H    0.000 --    46   1 H    0.009 --    47   1 H    0.009 --    48   1 H    0.955 --    21 C    0.491    14 C    0.461
    49   1 H    0.000 --    50   1 H    0.000 --    51   6 C    1.843 --    76 H    0.978    77 H    0.543    78 H    0.303
    52   1 H    0.930 --    28 C    0.880
    53   1 H    0.427 --    28 C    0.334
    54   8 O    0.000 --    55   6 C    0.003 --    56   6 C    0.000 --    57   6 C    0.004 --    58   6 C    0.000 --    59   6 C    0.000 --    60   6 C    0.006 --    61   6 C    0.000 --    62   8 O    0.000 --    63   8 O    0.922 --    80 H    0.922
    64   6 C    0.798 --    39 H    0.588    79 H    0.185
    65   1 H    0.003 --    66   1 H    0.000 --    67   1 H    0.000 --    68   1 H    0.000 --    69   1 H    0.000 --    70   6 C    0.588 --    79 H    0.563
    71   1 H    0.000 --    72   1 H    0.000 --    73   1 H    0.000 --    74   1 H    0.262 --    75 H    0.258
    75   1 H    0.331 --    74 H    0.258
    76   1 H    0.985 --    51 C    0.978
    77   1 H    0.550 --    51 C    0.543
    78   1 H    0.303 --    51 C    0.303
    79   1 H    0.748 --    70 C    0.563    64 C    0.185
    80   1 H    0.922 --    63 O    0.922
    81   1 H    0.000 -- ---------------------------------------------------------------------------

Topologies differ in total number of bonds
Writing topology from bond orders to xtbtopo.mol

molecular dipole:
                 x           y           z       tot (Debye)
 q only:      -11.360      32.085      10.151
   full:      -11.280      32.037      10.101      90.067
molecular quadrupole (traceless):
                xx          xy          yy          xz          yz          zz
 q only:      328.299    -152.186    -593.543     413.157     876.366     265.245
  q+dip:      330.734    -151.005    -592.507     408.216     869.806     261.773
   full:      329.132    -151.301    -593.076     408.926     870.928     263.944


           -------------------------------------------------
          | TOTAL ENERGY             -108.704629158306 Eh   |
          | GRADIENT NORM               0.470762586479 Eh/α |
          | HOMO-LUMO GAP               0.003167688806 eV   |
           -------------------------------------------------

------------------------------------------------------------------------
 * finished run on 2021/10/06 at 11:58:36.995     
------------------------------------------------------------------------
 total:
 * wall-time:     0 d,  0 h,  0 min,  0.200 sec
 *  cpu-time:     0 d,  0 h,  0 min,  1.163 sec
 * ratio c/w:     5.822 speedup
 SCF:
 * wall-time:     0 d,  0 h,  0 min,  0.168 sec
 *  cpu-time:     0 d,  0 h,  0 min,  1.006 sec
 * ratio c/w:     5.971 speedup

