      -----------------------------------------------------------      
     |                   =====================                   |     
     |                           x T B                           |     
     |                   =====================                   |     
     |                         S. Grimme                         |     
     |          Mulliken Center for Theoretical Chemistry        |     
     |                    University of Bonn                     |     
      -----------------------------------------------------------      

   * xtb version 6.4.1 (afa7bdf) compiled by 'ehlert@majestix' on 2021-06-10

   xtb is free software: you can redistribute it and/or modify it under
   the terms of the GNU Lesser General Public License as published by
   the Free Software Foundation, either version 3 of the License, or
   (at your option) any later version.
   
   xtb is distributed in the hope that it will be useful,
   but WITHOUT ANY WARRANTY; without even the implied warranty of
   MERCHANTABILITY or FITNESS FOR A PARTICULAR PURPOSE.  See the
   GNU Lesser General Public License for more details.
   
   Cite this work as:
   * C. Bannwarth, E. Caldeweyher, S. Ehlert, A. Hansen, P. Pracht,
     J. Seibert, S. Spicher, S. Grimme, WIREs Comput. Mol. Sci., 2020, 11,
     e01493. DOI: 10.1002/wcms.1493
   
   for GFN2-xTB:
   * C. Bannwarth, S. Ehlert and S. Grimme., J. Chem. Theory Comput., 2019,
     15, 1652-1671. DOI: 10.1021/acs.jctc.8b01176
   for GFN1-xTB:
   * S. Grimme, C. Bannwarth, P. Shushkov, J. Chem. Theory Comput., 2017,
     13, 1989-2009. DOI: 10.1021/acs.jctc.7b00118
   for GFN0-xTB:
   * P. Pracht, E. Caldeweyher, S. Ehlert, S. Grimme, ChemRxiv, 2019, preprint.
     DOI: 10.26434/chemrxiv.8326202.v1
   for GFN-FF:
   * S. Spicher and S. Grimme, Angew. Chem. Int. Ed., 2020, 59, 15665-15673.
     DOI: 10.1002/anie.202004239
   
   for DFT-D4:
   * E. Caldeweyher, C. Bannwarth and S. Grimme, J. Chem. Phys., 2017,
     147, 034112. DOI: 10.1063/1.4993215
   * E. Caldeweyher, S. Ehlert, A. Hansen, H. Neugebauer, S. Spicher,
     C. Bannwarth and S. Grimme, J. Chem. Phys., 2019, 150, 154122.
     DOI: 10.1063/1.5090222
   * E. Caldeweyher, J.-M. Mewes, S. Ehlert and S. Grimme, Phys. Chem. Chem. Phys.
     2020, 22, 8499-8512. DOI: 10.1039/D0CP00502A
   
   for sTDA-xTB:
   * S. Grimme and C. Bannwarth, J. Chem. Phys., 2016, 145, 054103.
     DOI: 10.1063/1.4959605
   
   in the mass-spec context:
   * V. Asgeirsson, C. Bauer and S. Grimme, Chem. Sci., 2017, 8, 4879.
     DOI: 10.1039/c7sc00601b
   * J. Koopman and S. Grimme, ACS Omega 2019, 4, 12, 15120-15133.
     DOI: 10.1021/acsomega.9b02011
   
   for metadynamics refer to:
   * S. Grimme, J. Chem. Theory Comput., 2019, 155, 2847-2862
     DOI: 10.1021/acs.jctc.9b00143
   
   for SPH calculations refer to:
   * S. Spicher and S. Grimme, J. Chem. Theory Comput., 2021, 17, 1701-1714
     DOI: 10.1021/acs.jctc.0c01306
   
   with help from (in alphabetical order)
   P. Atkinson, C. Bannwarth, F. Bohle, G. Brandenburg, E. Caldeweyher
   M. Checinski, S. Dohm, S. Ehlert, S. Ehrlich, I. Gerasimov, J. Koopman
   C. Lavigne, S. Lehtola, F. März, M. Müller, F. Musil, H. Neugebauer
   J. Pisarek, C. Plett, P. Pracht, J. Seibert, P. Shushkov, S. Spicher
   M. Stahn, M. Steiner, T. Strunk, J. Stückrath, T. Rose, and J. Unsleber
   
 * started run on 2021/10/06 at 11:48:49.904     

           -------------------------------------------------
          |                Calculation Setup                |
           -------------------------------------------------

          program call               : xtb xtb.xyz --input xcontrol --chrg 0 --uhf 0 --acc 1.0 --gfn 2 --grad
          coordinate file            : xtb.xyz
          omp threads                :                     6
          number of atoms            :                    81
          number of electrons        :                   224
          charge                     :                     0
          spin                       :                   0.0
          first test random number   :      0.18520022637305

   ID    Z sym.   atoms
    1    6 C      1-6, 8, 10, 13-17, 19-25, 28, 32, 51, 55-61, 64, 70
    2    8 O      7, 9, 26, 27, 54, 62, 63
    3    7 N      11, 12, 18
    4    1 H      29-31, 33-50, 52, 53, 65-69, 71-81

molecular fragmentation (1/2 indicates fragments):
122222222222222222222222222222222222222222222222222222222222222222222222
222222222
# atoms in fragment 1/2:     1    80
 fragment masses (1/2) :       12.01      565.66
CMA distance (Bohr)    :  34.424
constraining FC (au)   :  0.0500

           -------------------------------------------------
          |                 G F N 2 - x T B                 |
           -------------------------------------------------

        Reference                      10.1021/acs.jctc.8b01176
      * Hamiltonian:
        H0-scaling (s, p, d)           1.850000    2.230000    2.230000
        zeta-weighting                 0.500000
      * Dispersion:
        s8                             2.700000
        a1                             0.520000
        a2                             5.000000
        s9                             5.000000
      * Repulsion:
        kExp                           1.500000    1.000000
        rExp                           1.000000
      * Coulomb:
        alpha                          2.000000
        third order                    shell-resolved
        anisotropic                    true
        a3                             3.000000
        a5                             4.000000
        cn-shift                       1.200000
        cn-exp                         4.000000
        max-rad                        5.000000


          ...................................................
          :                      SETUP                      :
          :.................................................:
          :  # basis functions                 207          :
          :  # atomic orbitals                 207          :
          :  # shells                          123          :
          :  # electrons                       224          :
          :  max. iterations                   250          :
          :  Hamiltonian                  GFN2-xTB          :
          :  restarted?                      false          :
          :  GBSA solvation                  false          :
          :  PC potential                    false          :
          :  electronic temp.          300.0000000     K    :
          :  accuracy                    1.0000000          :
          :  -> integral cutoff          0.2500000E+02      :
          :  -> integral neglect         0.1000000E-07      :
          :  -> SCF convergence          0.1000000E-05 Eh   :
          :  -> wf. convergence          0.1000000E-03 e    :
          :  Broyden damping             0.4000000          :
          ...................................................

 iter      E             dE          RMSdq      gap      omega  full diag
   1    -52.2250957 -0.522251E+02  0.212E+01    0.00       0.0  T
   2    117.7899806  0.170015E+03  0.310E+01    0.02       1.0  T
   3     28.6819886 -0.891080E+02  0.221E+01    0.00       1.0  T
   4     12.7912842 -0.158907E+02  0.220E+01    0.00       1.0  T
   5     -7.2489046 -0.200402E+02  0.202E+01    0.02       1.0  T
   6    -18.0974140 -0.108485E+02  0.199E+01    0.02       1.0  T
   7    -17.0753860  0.102203E+01  0.188E+01    0.00       1.0  T
   8    -23.5582935 -0.648291E+01  0.188E+01    0.03       1.0  T
   9    -31.2669546 -0.770866E+01  0.184E+01    0.01       1.0  T
  10    -11.4810323  0.197859E+02  0.186E+01    0.00       1.0  T
  11    -28.6324418 -0.171514E+02  0.192E+01    0.00       1.0  T
  12    -20.3563016  0.827614E+01  0.205E+01    0.00       1.0  T
  13      6.8492532  0.272056E+02  0.218E+01    0.01       1.0  T
  14    -11.6091489 -0.184584E+02  0.208E+01    0.06       1.0  T
  15    -10.8962748  0.712874E+00  0.205E+01    0.00       1.0  T
  16    -32.6064976 -0.217102E+02  0.188E+01    0.00       1.0  T
  17    -21.7435131  0.108630E+02  0.196E+01    0.00       1.0  T
  18     -9.0187642  0.127247E+02  0.209E+01    0.02       1.0  T
  19     -5.5051487  0.351362E+01  0.218E+01    0.01       1.0  T
  20    -15.3059121 -0.980076E+01  0.200E+01    0.00       1.0  T
  21    -10.4097009  0.489621E+01  0.217E+01    0.00       1.0  T
  22     33.7298273  0.441395E+02  0.218E+01    0.02       1.0  T
  23      6.6134903 -0.271163E+02  0.209E+01    0.00       1.0  T
  24      8.3792062  0.176572E+01  0.211E+01    0.00       1.0  T
  25     -2.4331686 -0.108124E+02  0.206E+01    0.00       1.0  T
  26     -7.9587822 -0.552561E+01  0.200E+01    0.00       1.0  T
  27     18.1730305  0.261318E+02  0.213E+01    0.00       1.0  T
  28      4.8487240 -0.133243E+02  0.207E+01    0.00       1.0  T
  29      4.5417168 -0.307007E+00  0.198E+01    0.00       1.0  T
  30     13.0706301  0.852891E+01  0.201E+01    0.01       1.0  T
  31     -1.2573241 -0.143280E+02  0.203E+01    0.00       1.0  T
  32     -6.0763416 -0.481902E+01  0.204E+01    0.00       1.0  T
  33      9.3025284  0.153789E+02  0.214E+01    0.01       1.0  T
  34      6.3934200 -0.290911E+01  0.210E+01    0.01       1.0  T
  35      7.8972416  0.150382E+01  0.212E+01    0.01       1.0  T
  36      8.2650998  0.367858E+00  0.210E+01    0.02       1.0  T
  37      4.2587196 -0.400638E+01  0.211E+01    0.01       1.0  T
  38      2.5600970 -0.169862E+01  0.208E+01    0.01       1.0  T
  39      0.0477572 -0.251234E+01  0.207E+01    0.00       1.0  T
  40      0.1182640  0.705069E-01  0.206E+01    0.01       1.0  T
  41    -16.3973239 -0.165156E+02  0.196E+01    0.02       1.0  T
  42    -12.4080374  0.398929E+01  0.202E+01    0.04       1.0  T
  43    -12.7198350 -0.311798E+00  0.184E+01    0.01       1.0  T
  44    -27.5350290 -0.148152E+02  0.190E+01    0.02       1.0  T
  45    -27.8353906 -0.300362E+00  0.181E+01    0.00       1.0  T
  46    -36.2026992 -0.836731E+01  0.184E+01    0.00       1.0  T
  47    -12.8254478  0.233773E+02  0.207E+01    0.01       1.0  T
  48    -17.5071893 -0.468174E+01  0.203E+01    0.01       1.0  T
  49    -21.3054675 -0.379828E+01  0.198E+01    0.00       1.0  T
  50    -26.1631178 -0.485765E+01  0.191E+01    0.00       1.0  T
  51    -31.1459634 -0.498285E+01  0.184E+01    0.00       1.0  T
  52    -23.2096976  0.793627E+01  0.201E+01    0.00       1.0  T
  53    -21.8632112  0.134649E+01  0.197E+01    0.01       1.0  T
  54    -17.4719882  0.439122E+01  0.202E+01    0.00       1.0  T
  55    -27.6307991 -0.101588E+02  0.193E+01    0.01       1.0  T
  56    -24.2411348  0.338966E+01  0.195E+01    0.00       1.0  T
  57    -24.6325832 -0.391448E+00  0.194E+01    0.01       1.0  T
  58    -22.4964606  0.213612E+01  0.199E+01    0.01       1.0  T
  59    -26.8347463 -0.433829E+01  0.193E+01    0.01       1.0  T
  60    -28.9068622 -0.207212E+01  0.193E+01    0.03       1.0  T
  61    -29.7318694 -0.825007E+00  0.190E+01    0.00       1.0  T
  62    -28.7831577  0.948712E+00  0.192E+01    0.00       1.0  T
  63    -28.3921324  0.391025E+00  0.193E+01    0.00       1.0  T
  64    -29.8990591 -0.150693E+01  0.191E+01    0.02       1.0  T
  65    -30.7166354 -0.817576E+00  0.189E+01    0.00       1.0  T
  66    -33.3230250 -0.260639E+01  0.186E+01    0.00       1.0  T
  67    -36.3087459 -0.298572E+01  0.180E+01    0.00       1.0  T
  68    -24.5223390  0.117864E+02  0.200E+01    0.00       1.0  T
  69    -19.3536616  0.516868E+01  0.201E+01    0.01       1.0  T
  70    -29.4557006 -0.101020E+02  0.190E+01    0.00       1.0  T
  71    -30.2377944 -0.782094E+00  0.188E+01    0.01       1.0  T
  72    -28.4103198  0.182747E+01  0.192E+01    0.00       1.0  T
  73    -27.7098931  0.700427E+00  0.191E+01    0.00       1.0  T
  74    -34.8129151 -0.710302E+01  0.184E+01    0.00       1.0  T
  75    -37.5540627 -0.274115E+01  0.181E+01    0.00       1.0  T
  76    -29.7938920  0.776017E+01  0.190E+01    0.00       1.0  T
  77    -31.4391800 -0.164529E+01  0.187E+01    0.00       1.0  T
  78    -29.0413548  0.239783E+01  0.191E+01    0.00       1.0  T
  79    -30.1802679 -0.113891E+01  0.189E+01    0.00       1.0  T
  80    -31.6395925 -0.145932E+01  0.188E+01    0.01       1.0  T
  81    -25.3089735  0.633062E+01  0.196E+01    0.01       1.0  T
  82    -27.4805846 -0.217161E+01  0.192E+01    0.00       1.0  T
  83    -28.9233587 -0.144277E+01  0.191E+01    0.00       1.0  T
  84    -29.6847343 -0.761376E+00  0.190E+01    0.00       1.0  T
  85    -27.8599093  0.182482E+01  0.191E+01    0.00       1.0  T
  86    -28.5760042 -0.716095E+00  0.191E+01    0.00       1.0  T
  87    -32.4281218 -0.385212E+01  0.188E+01    0.01       1.0  T
  88    -35.3887593 -0.296064E+01  0.190E+01    0.00       1.0  T
  89    -15.7259705  0.196628E+02  0.206E+01    0.01       1.0  T
  90    -19.9644276 -0.423846E+01  0.201E+01    0.01       1.0  T
  91    -14.8296377  0.513479E+01  0.205E+01    0.00       1.0  T
  92    -22.9690422 -0.813940E+01  0.200E+01    0.00       1.0  T
  93    -20.6137408  0.235530E+01  0.203E+01    0.00       1.0  T
  94    -21.6111887 -0.997448E+00  0.202E+01    0.00       1.0  T
  95    -28.2855934 -0.667440E+01  0.196E+01    0.00       1.0  T
  96    -30.5135408 -0.222795E+01  0.191E+01    0.00       1.0  T
  97    -27.3543869  0.315915E+01  0.196E+01    0.00       1.0  T
  98    -36.4659256 -0.911154E+01  0.186E+01    0.01       1.0  T
  99    -37.5258825 -0.105996E+01  0.184E+01    0.00       1.0  T
 100    -38.8481078 -0.132223E+01  0.183E+01    0.01       1.0  T
 101    -38.7960217  0.520860E-01  0.183E+01    0.00       1.0  T
 102    -35.8302386  0.296578E+01  0.186E+01    0.00       1.0  T
 103    -30.7502490  0.507999E+01  0.192E+01    0.01       1.0  T
 104    -26.1419985  0.460825E+01  0.199E+01    0.01       1.0  T
 105    -26.5769096 -0.434911E+00  0.198E+01    0.03       1.0  T
 106    -28.3760240 -0.179911E+01  0.196E+01    0.02       1.0  T
 107    -25.1387956  0.323723E+01  0.202E+01    0.00       1.0  T
 108    -28.1209856 -0.298219E+01  0.200E+01    0.00       1.0  T
 109    -23.8694248  0.425156E+01  0.200E+01    0.00       1.0  T
 110    -30.7774305 -0.690801E+01  0.193E+01    0.02       1.0  T
 111    -19.9661230  0.108113E+02  0.206E+01    0.00       1.0  T
 112    -33.4686671 -0.135025E+02  0.191E+01    0.01       1.0  T
 113    -18.9928684  0.144758E+02  0.204E+01    0.00       1.0  T
 114    -23.7549554 -0.476209E+01  0.199E+01    0.00       1.0  T
 115    -25.3260482 -0.157109E+01  0.201E+01    0.00       1.0  T
 116    -24.3928506  0.933198E+00  0.202E+01    0.00       1.0  T
 117    -17.4410432  0.695181E+01  0.207E+01    0.00       1.0  T
 118    -19.8202399 -0.237920E+01  0.205E+01    0.00       1.0  T
 119    -19.7809567  0.392832E-01  0.205E+01    0.00       1.0  T
 120    -20.7056521 -0.924695E+00  0.207E+01    0.00       1.0  T
 121    -17.6838467  0.302181E+01  0.210E+01    0.00       1.0  T
 122    -17.4220072  0.261839E+00  0.211E+01    0.00       1.0  T
 123    -15.2182457  0.220376E+01  0.215E+01    0.00       1.0  T
 124    -26.7679399 -0.115497E+02  0.200E+01    0.00       1.0  T
 125    -21.2612837  0.550666E+01  0.202E+01    0.00       1.0  T
 126    -20.3542467  0.907037E+00  0.204E+01    0.01       1.0  T
 127    -20.1250070  0.229240E+00  0.204E+01    0.00       1.0  T
 128    -20.0875972  0.374097E-01  0.204E+01    0.01       1.0  T
 129    -24.5327032 -0.444511E+01  0.199E+01    0.01       1.0  T
 130    -25.8640468 -0.133134E+01  0.197E+01    0.00       1.0  T
 131    -21.8264409  0.403761E+01  0.202E+01    0.02       1.0  T
 132    -29.9214642 -0.809502E+01  0.192E+01    0.00       1.0  T
 133    -42.8128210 -0.128914E+02  0.178E+01    0.00       1.0  T
 134    -40.0980377  0.271478E+01  0.181E+01    0.00       1.0  T
 135    -38.2819742  0.181606E+01  0.185E+01    0.01       1.0  T
 136    -38.5476997 -0.265725E+00  0.184E+01    0.00       1.0  T
 137    -46.2205505 -0.767285E+01  0.173E+01    0.00       1.0  T
 138    -43.2976429  0.292291E+01  0.177E+01    0.00       1.0  T
 139    -44.7291563 -0.143151E+01  0.175E+01    0.01       1.0  T
 140    -46.3831179 -0.165396E+01  0.173E+01    0.00       1.0  T
 141    -42.2842580  0.409886E+01  0.178E+01    0.01       1.0  T
 142    -39.3799278  0.290433E+01  0.181E+01    0.00       1.0  T
 143    -39.2107743  0.169153E+00  0.182E+01    0.00       1.0  T
 144    -34.3513201  0.485945E+01  0.190E+01    0.00       1.0  T
 145    -33.3020384  0.104928E+01  0.191E+01    0.00       1.0  T
 146    -32.3167846  0.985254E+00  0.192E+01    0.00       1.0  T
 147    -27.2331167  0.508367E+01  0.198E+01    0.00       1.0  T
 148    -37.7509922 -0.105179E+02  0.187E+01    0.00       1.0  T
 149    -25.1833905  0.125676E+02  0.201E+01    0.01       1.0  T
 150    -22.7198111  0.246358E+01  0.200E+01    0.00       1.0  T
 151    -31.7471518 -0.902734E+01  0.193E+01    0.01       1.0  T
 152    -29.4217047  0.232545E+01  0.194E+01    0.00       1.0  T
 153    -28.5028775  0.918827E+00  0.193E+01    0.00       1.0  T
 154    -32.8215330 -0.431866E+01  0.190E+01    0.00       1.0  T
 155    -32.5008925  0.320640E+00  0.190E+01    0.01       1.0  T
 156    -32.1838293  0.317063E+00  0.190E+01    0.00       1.0  T
 157    -28.9922182  0.319161E+01  0.194E+01    0.00       1.0  T
 158    -28.2787113  0.713507E+00  0.195E+01    0.00       1.0  T
 159    -29.2579536 -0.979242E+00  0.194E+01    0.00       1.0  T
 160    -33.1627212 -0.390477E+01  0.191E+01    0.00       1.0  T
 161    -36.6494154 -0.348669E+01  0.187E+01    0.00       1.0  T
 162    -29.0138971  0.763552E+01  0.194E+01    0.00       1.0  T
 163    -22.7923113  0.622159E+01  0.198E+01    0.00       1.0  T
 164    -24.9477005 -0.215539E+01  0.198E+01    0.01       1.0  T
 165    -29.4924528 -0.454475E+01  0.194E+01    0.01       1.0  T
 166    -29.8923969 -0.399944E+00  0.194E+01    0.01       1.0  T
 167    -35.3061590 -0.541376E+01  0.185E+01    0.00       1.0  T
 168    -28.1677640  0.713839E+01  0.195E+01    0.00       1.0  T
 169    -32.9737160 -0.480595E+01  0.182E+01    0.00       1.0  T
 170    -29.1821801  0.379154E+01  0.187E+01    0.00       1.0  T
 171    -29.5547740 -0.372594E+00  0.189E+01    0.00       1.0  T
 172    -30.4033640 -0.848590E+00  0.188E+01    0.00       1.0  T
 173    -30.8099431 -0.406579E+00  0.188E+01    0.01       1.0  T
 174    -31.5391712 -0.729228E+00  0.187E+01    0.00       1.0  T
 175    -30.1309663  0.140820E+01  0.190E+01    0.00       1.0  T
 176    -31.2815744 -0.115061E+01  0.188E+01    0.00       1.0  T
 177    -32.8441815 -0.156261E+01  0.185E+01    0.00       1.0  T
 178    -28.7860008  0.405818E+01  0.193E+01    0.00       1.0  T
 179    -27.2672748  0.151873E+01  0.195E+01    0.00       1.0  T
 180    -27.4981429 -0.230868E+00  0.195E+01    0.00       1.0  T
 181    -27.4411085  0.570344E-01  0.196E+01    0.00       1.0  T
 182    -29.4524462 -0.201134E+01  0.193E+01    0.00       1.0  T
 183    -31.4135697 -0.196112E+01  0.189E+01    0.00       1.0  T
 184    -29.1156006  0.229797E+01  0.193E+01    0.02       1.0  T
 185    -28.4368192  0.678781E+00  0.194E+01    0.02       1.0  T
 186    -29.3330210 -0.896202E+00  0.192E+01    0.00       1.0  T
 187    -30.4307434 -0.109772E+01  0.191E+01    0.00       1.0  T
 188    -28.3661335  0.206461E+01  0.193E+01    0.00       1.0  T
 189    -28.4831056 -0.116972E+00  0.193E+01    0.00       1.0  T
 190    -28.7539204 -0.270815E+00  0.192E+01    0.00       1.0  T
 191    -29.4990279 -0.745108E+00  0.191E+01    0.01       1.0  T
 192    -26.7420148  0.275701E+01  0.195E+01    0.00       1.0  T
 193    -27.5304361 -0.788421E+00  0.194E+01    0.01       1.0  T
 194    -27.9181019 -0.387666E+00  0.193E+01    0.00       1.0  T
 195    -24.8118992  0.310620E+01  0.197E+01    0.01       1.0  T
 196    -28.0121044 -0.320021E+01  0.192E+01    0.00       1.0  T
 197    -30.3395326 -0.232743E+01  0.189E+01    0.00       1.0  T
 198    -30.2558227  0.837099E-01  0.189E+01    0.00       1.0  T
 199    -30.1818013  0.740213E-01  0.189E+01    0.00       1.0  T
 200    -30.5327985 -0.350997E+00  0.189E+01    0.00       1.0  T
 201    -29.1012274  0.143157E+01  0.190E+01    0.01       1.0  T
 202    -29.3952054 -0.293978E+00  0.191E+01    0.00       1.0  T
 203    -28.2150666  0.118014E+01  0.192E+01    0.00       1.0  T
 204    -27.6934734  0.521593E+00  0.192E+01    0.00       1.0  T
 205    -27.9515342 -0.258061E+00  0.192E+01    0.00       1.0  T
 206    -27.8736974  0.778368E-01  0.192E+01    0.00       1.0  T
 207    -28.5743818 -0.700684E+00  0.191E+01    0.00       1.0  T
 208    -27.5640499  0.101033E+01  0.193E+01    0.00       1.0  T
 209    -27.8522633 -0.288213E+00  0.192E+01    0.00       1.0  T
 210    -28.7465305 -0.894267E+00  0.192E+01    0.01       1.0  T
 211    -28.2569405  0.489590E+00  0.192E+01    0.01       1.0  T
 212    -28.5691305 -0.312190E+00  0.192E+01    0.01       1.0  T
 213    -28.7021792 -0.133049E+00  0.192E+01    0.01       1.0  T
 214    -28.2683521  0.433827E+00  0.192E+01    0.00       1.0  T
 215    -26.5062985  0.176205E+01  0.194E+01    0.00       1.0  T
 216    -27.4431107 -0.936812E+00  0.193E+01    0.00       1.0  T
 217    -25.9564779  0.148663E+01  0.195E+01    0.00       1.0  T
 218    -27.6911816 -0.173470E+01  0.193E+01    0.00       1.0  T
 219    -28.6528856 -0.961704E+00  0.191E+01    0.00       1.0  T
 220    -28.8916601 -0.238774E+00  0.191E+01    0.00       1.0  T
 221    -25.7911484  0.310051E+01  0.195E+01    0.00       1.0  T
 222    -32.5358696 -0.674472E+01  0.186E+01    0.00       1.0  T
 223    -20.9739919  0.115619E+02  0.202E+01    0.00       1.0  T
 224    -31.2172649 -0.102433E+02  0.188E+01    0.00       1.0  T
 225    -29.2385280  0.197874E+01  0.190E+01    0.01       1.0  T
 226    -32.5836682 -0.334514E+01  0.188E+01    0.01       1.0  T
 227    -32.8674298 -0.283762E+00  0.187E+01    0.00       1.0  T
 228    -25.1882931  0.767914E+01  0.195E+01    0.01       1.0  T
 229    -25.8779642 -0.689671E+00  0.195E+01    0.00       1.0  T
 230    -26.0460618 -0.168098E+00  0.194E+01    0.00       1.0  T
 231    -26.8296079 -0.783546E+00  0.193E+01    0.00       1.0  T
 232    -25.8780580  0.951550E+00  0.194E+01    0.00       1.0  T
 233    -28.2655327 -0.238747E+01  0.192E+01    0.00       1.0  T
 234    -26.3271751  0.193836E+01  0.194E+01    0.00       1.0  T
 235    -30.8312816 -0.450411E+01  0.188E+01    0.00       1.0  T
 236    -28.7044021  0.212688E+01  0.190E+01    0.00       1.0  T
 237    -27.6184732  0.108593E+01  0.192E+01    0.00       1.0  T
 238    -27.5951372  0.233361E-01  0.192E+01    0.00       1.0  T
 239    -27.9772834 -0.382146E+00  0.191E+01    0.00       1.0  T
 240    -28.1168210 -0.139538E+00  0.191E+01    0.00       1.0  T
 241    -28.3856077 -0.268787E+00  0.191E+01    0.00       1.0  T
 242    -28.3855760  0.317273E-04  0.191E+01    0.00       1.0  T
 243    -28.3762378  0.933823E-02  0.191E+01    0.00       1.0  T
 244    -28.3780445 -0.180674E-02  0.191E+01    0.00       1.0  T
 245    -28.3719902  0.605426E-02  0.191E+01    0.00       1.0  T
 246    -27.7260308  0.645959E+00  0.192E+01    0.00       1.0  T
 247    -27.5291844  0.196846E+00  0.192E+01    0.00       1.0  T
 248    -28.3586721 -0.829488E+00  0.191E+01    0.00       1.0  T
 249    -28.3713566 -0.126844E-01  0.191E+01    0.00       1.0  T
 250    -28.2099725  0.161384E+00  0.191E+01    0.00       1.0  T

   *** convergence criteria cannot be satisfied within 250 iterations ***

         #    Occupation            Energy/Eh            Energy/eV
      -------------------------------------------------------------
         1        2.0000           -0.7084493             -19.2779
       ...           ...                  ...                  ...
       106        1.3762           -0.4423424             -12.0367
       107        1.3712           -0.4423314             -12.0364
       108        1.3240           -0.4422292             -12.0337
       109        1.0687           -0.4417214             -12.0199
       110        1.0582           -0.4417015             -12.0193
       111        1.0503           -0.4416863             -12.0189
       112        0.9601           -0.4415149             -12.0142 (HOMO)
       113        0.8741           -0.4413502             -12.0097 (LUMO)
       114        0.8499           -0.4413034             -12.0085
       115        0.8126           -0.4412304             -12.0065
       116        0.7993           -0.4412040             -12.0058
       117        0.7853           -0.4411764             -12.0050
       ...           ...                  ...                  ...
       207                          1.9156689              52.1280
      -------------------------------------------------------------
                  HL-Gap            0.0001647 Eh            0.0045 eV
             Fermi-level           -0.4415907 Eh          -12.0163 eV

 SCC (total)                   0 d,  0 h,  0 min,  1.234 sec
 SCC setup                      ...        0 min,  0.000 sec (  0.034%)
 Dispersion                     ...        0 min,  0.001 sec (  0.119%)
 classical contributions        ...        0 min,  0.000 sec (  0.006%)
 integral evaluation            ...        0 min,  0.005 sec (  0.370%)
 iterations                     ...        0 min,  1.218 sec ( 98.715%)
 molecular gradient             ...        0 min,  0.009 sec (  0.725%)
 printout                       ...        0 min,  0.000 sec (  0.028%)

########################################################################
[ERROR] Program stopped due to fatal error
-3- Single point calculation terminated
-2- xtb_calculator_singlepoint: Electronic structure method terminated
-1- scf: Self consistent charge iterator did not converge
########################################################################
